[optirise-agency.webflow.io/index.html]
[backblue.gif]
[fade.gif]
[index.html]
[cdn.prod.website-files.com/67b6c656b6f9f2332b70fbdf/css/optirise-agency.webflow.03e068a6c.css]
[ajax.googleapis.com/ajax/libs/webfont/1.6.26/webfont.js]
[optirise-agency.webflow.io/blog.html]
[cdn.prod.website-files.com/67b6c656b6f9f2332b70fbdf/67fa698a909cf7ec7a9bc8a9_review-author-img-01.png]
[cdn.prod.website-files.com/67b6c656b6f9f2332b70fbdf/67fa698a860f4e4cf1044109_review-author-img-02.png]
[cdn.prod.website-files.com/67b6c656b6f9f2332b70fbdf/67fa698a1f2a1bae5168327c_review-author-img-03.png]
[cdn.prod.website-files.com/67b6c656b6f9f2332b70fbdf/67fa6981eb43def251f13f6d_review-author-img-04.png]
[cdn.prod.website-files.com/67b6c656b6f9f2332b70fbdf/67fa69819128520549be4f1d_review-author-img-05.png]
[cdn.prod.website-files.com/67b6c656b6f9f2332b70fbdf/67fa69814d1466d7407121f8_review-author-img-06.png]
[cdn.prod.website-files.com/67b6c656b6f9f2332b70fbdf/67fa69812d1b01e0976776a0_review-author-img-07.png]
[optirise-agency.webflow.io/blog/youtube-seo-how-to-rank-youtube-videos-in-2025.html]
[cdn.prod.website-files.com/67bd455f15468e2baaa85e37/67e89a7a2b04b4cf71f9012b_blog-img-01.png]
[optirise-agency.webflow.io/blog/why-seo-is-actually-all-about-content-marketing.html]
[cdn.prod.website-files.com/67bd455f15468e2baaa85e37/67e89a8d888006cd08a7c08d_blog-img-02.png]
[optirise-agency.webflow.io/blog/10-crucial-seo-ranking-factors-you-need-to-know.html]
[cdn.prod.website-files.com/67bd455f15468e2baaa85e37/67e89a9cdbeca3965674f969_blog-img-03.png]
[optirise-agency.webflow.io/templates/style-guide.html]
[optirise-agency.webflow.io/templates/changelog.html]
[optirise-agency.webflow.io/templates/licenses.html]
[d3e54v103j8qbb.cloudfront.net/js/jquery-3.5.1.min.dc5e7f18c83f89.js]
[cdn.prod.website-files.com/67b6c656b6f9f2332b70fbdf/js/webflow.schunk.4a394eb5af8156f2.js]
[cdn.prod.website-files.com/67b6c656b6f9f2332b70fbdf/js/webflow.schunk.8db9bc6499ef5270.js]
[optirise-agency.webflow.io/index.html]
[cdn.prod.website-files.com/67b6c656b6f9f2332b70fbdf/css/optirise-agency.webflow.03e068a6c.css]
[cdn.prod.website-files.com/67b6c656b6f9f2332b70fbdf/js/webflow.f4c4d607.638b67572ae6b6e8.js]
[optirise-agency.webflow.io/blog/how-to-rank-your-brand-new-website-on-google.html]
[cdn.prod.website-files.com/67bd455f15468e2baaa85e37/67e89aac53c0a97fc57ee50a_blog-img-04.png]
[optirise-agency.webflow.io/blog/what-is-technical-seo-best-practices-and-a-checklist.html]
[cdn.prod.website-files.com/67bd455f15468e2baaa85e37/67e89abba68b82145b9f7615_blog-img-05.png]
[optirise-agency.webflow.io/blog/how-to-use-google-analytics-to-improve-seo-performance.html]
[cdn.prod.website-files.com/67bd455f15468e2baaa85e37/67e89aca82ae2a6da401395f_blog-img-06.png]
[optirise-agency.webflow.io/blog.html]
[cdn.prod.website-files.com/67b6c656b6f9f2332b70fbdf/js/webflow.e5d26278.6714a92173c1c619.js]
[cdn.prod.website-files.com/67bd455f15468e2baaa85e37/67bd47c4473a71c76de5fe57_blog-img-07.png]
[cdn.prod.website-files.com/67bd455f15468e2baaa85e37/67bd4815302635f9211e6dcc_blog-img-08.png]
[optirise-agency.webflow.io/blog/youtube-seo-how-to-rank-youtube-videos-in-2025.html]
[optirise-agency.webflow.io/blog/why-seo-is-actually-all-about-content-marketing.html]
[optirise-agency.webflow.io/blog/10-crucial-seo-ranking-factors-you-need-to-know.html]
[optirise-agency.webflow.io/templates/style-guide.html]
[optirise-agency.webflow.io/templates/changelog.html]
[optirise-agency.webflow.io/templates/licenses.html]
[optirise-agency.webflow.io/blog/how-to-rank-your-brand-new-website-on-google.html]
[optirise-agency.webflow.io/blog/what-is-technical-seo-best-practices-and-a-checklist.html]
[cdn.prod.website-files.com/67bd455f15468e2baaa85e37/67e875823b6229e06ad71c72_67bd47c4473a71c76de5fe57_blog-img-07.png]
[cdn.prod.website-files.com/67bd455f15468e2baaa85e37/67e875833b6229e06ad71c91_67bd4815302635f9211e6dcc_blog-img-08.png]
[optirise-agency.webflow.io/blog/how-to-use-google-analytics-to-improve-seo-performance.html]
